\BOOKMARK [1][-]{section.1}{\376\377\0001\000.\000\040\000I\000n\000t\000r\000o\000d\000u\000c\000t\000i\000o\000n}{}% 1
\BOOKMARK [2][-]{section*.2}{\376\377\000D\000e\000p\000e\000n\000d\000e\000n\000c\000y\000\040\000m\000a\000p}{section.1}% 2
\BOOKMARK [2][-]{section*.3}{\376\377\000T\000r\000i\000l\000o\000g\000y\000\040\000s\000o\000u\000r\000c\000e\000\040\000l\000e\000d\000g\000e\000r}{section.1}% 3
\BOOKMARK [1][-]{section.2}{\376\377\0002\000.\000\040\000S\000u\000i\000t\000a\000b\000l\000e\000\040\000s\000o\000l\000u\000t\000i\000o\000n\000s\000\040\000a\000n\000d\000\040\000t\000h\000e\000\040\000s\000i\000n\000g\000u\000l\000a\000r\000\040\000t\000a\000r\000g\000e\000t}{}% 4
\BOOKMARK [2][-]{subsection.2.1}{\376\377\0002\000.\0001\000.\000\040\000S\000u\000i\000t\000a\000b\000l\000e\000\040\000w\000e\000a\000k\000\040\000s\000o\000l\000u\000t\000i\000o\000n\000s}{section.2}% 5
\BOOKMARK [2][-]{subsection.2.2}{\376\377\0002\000.\0002\000.\000\040\000S\000c\000a\000l\000e\000-\000c\000r\000i\000t\000i\000c\000a\000l\000\040\000c\000o\000n\000c\000e\000n\000t\000r\000a\000t\000i\000o\000n\000\040\000a\000n\000d\000\040\000l\000o\000c\000a\000l\000\040\000k\000i\000n\000e\000t\000i\000c\000\040\000e\000n\000e\000r\000g\000y}{section.2}% 6
\BOOKMARK [1][-]{section.3}{\376\377\0003\000.\000\040\000E\000u\000l\000e\000r\000\040\000t\000r\000a\000n\000s\000p\000o\000r\000t\000\040\000a\000n\000d\000\040\000t\000h\000e\000\040\000S\000t\000o\000k\000e\000s\000\040\000g\000r\000a\000d\000i\000e\000n\000t}{}% 7
\BOOKMARK [2][-]{subsection.3.1}{\376\377\0003\000.\0001\000.\000\040\000T\000h\000e\000\040\000s\000o\000l\000e\000n\000o\000i\000d\000a\000l\000\040\000G\000e\000l\000f\000a\000n\000d\000\040\000t\000r\000i\000p\000l\000e}{section.3}% 8
\BOOKMARK [2][-]{subsection.3.2}{\376\377\0003\000.\0002\000.\000\040\000T\000h\000e\000\040\000f\000i\000n\000i\000t\000e\000\040\000e\000n\000e\000r\000g\000y\000\040\000b\000u\000d\000g\000e\000t}{section.3}% 9
\BOOKMARK [1][-]{section.4}{\376\377\0004\000.\000\040\000M\000a\000t\000e\000r\000i\000a\000l\000\040\000d\000e\000f\000o\000r\000m\000a\000t\000i\000o\000n\000\040\000a\000n\000d\000\040\000s\000t\000r\000e\000t\000c\000h\000i\000n\000g\040\023\000d\000i\000f\000f\000u\000s\000i\000o\000n\000\040\000d\000u\000a\000l\000i\000t\000y}{}% 10
\BOOKMARK [1][-]{section.5}{\376\377\0005\000.\000\040\000C\000o\000v\000a\000r\000i\000a\000n\000c\000e\000\040\000u\000n\000d\000e\000r\000\040\000s\000c\000a\000l\000e\040\023\000t\000r\000a\000n\000s\000l\000a\000t\000i\000o\000n\000\040\000c\000h\000a\000r\000t\000s}{}% 11
\BOOKMARK [2][-]{subsection.5.1}{\376\377\0005\000.\0001\000.\000\040\000T\000h\000e\000\040\000r\000e\000p\000a\000i\000r\000e\000d\000\040\000e\000q\000u\000a\000t\000i\000o\000n}{section.5}% 12
\BOOKMARK [2][-]{subsection.5.2}{\376\377\0005\000.\0002\000.\000\040\000C\000o\000v\000a\000r\000i\000a\000n\000t\000\040\000e\000n\000e\000r\000g\000y\000\040\000a\000n\000d\000\040\000p\000r\000e\000s\000s\000u\000r\000e}{section.5}% 13
\BOOKMARK [1][-]{section.6}{\376\377\0006\000.\000\040\000S\000c\000a\000l\000e\000-\000c\000r\000i\000t\000i\000c\000a\000l\000\040\000q\000u\000o\000t\000i\000e\000n\000t\000\040\000g\000e\000o\000m\000e\000t\000r\000y}{}% 14
\BOOKMARK [2][-]{subsection.6.1}{\376\377\0006\000.\0001\000.\000\040\000P\000h\000y\000s\000i\000c\000a\000l\000\040\000a\000c\000t\000i\000o\000n\000\040\000a\000n\000d\000\040\000c\000r\000i\000t\000i\000c\000a\000l\000\040\000a\000c\000t\000i\000o\000n}{section.6}% 15
\BOOKMARK [2][-]{subsection.6.2}{\376\377\0006\000.\0002\000.\000\040\000G\000a\000l\000i\000l\000e\000a\000n\000\040\000a\000n\000d\000\040\000p\000r\000e\000s\000s\000u\000r\000e\000\040\000q\000u\000o\000t\000i\000e\000n\000t\000s}{section.6}% 16
\BOOKMARK [2][-]{subsection.6.3}{\376\377\0006\000.\0003\000.\000\040\000T\000h\000e\000\040\000q\000u\000o\000t\000i\000e\000n\000t\000\040\000t\000o\000p\000o\000l\000o\000g\000y}{section.6}% 17
\BOOKMARK [1][-]{section.7}{\376\377\0007\000.\000\040\000B\000a\000c\000k\000w\000a\000r\000d\000\040\000a\000d\000j\000o\000i\000n\000t\000\040\000l\000o\000c\000a\000l\000i\000z\000a\000t\000i\000o\000n\000s\000\040\000a\000n\000d\000\040\000e\000n\000t\000r\000o\000p\000y}{}% 18
\BOOKMARK [2][-]{subsection.7.1}{\376\377\0007\000.\0001\000.\000\040\000T\000h\000e\000\040\000n\000o\000r\000m\000a\000l\000i\000z\000e\000d\000\040\000f\000i\000n\000i\000t\000e\000-\000h\000o\000r\000i\000z\000o\000n\000\040\000a\000d\000j\000o\000i\000n\000t\000\040\000p\000r\000o\000b\000l\000e\000m}{section.7}% 19
\BOOKMARK [2][-]{subsection.7.2}{\376\377\0007\000.\0002\000.\000\040\000T\000r\000a\000n\000s\000p\000o\000r\000t\000\040\000i\000d\000e\000n\000t\000i\000t\000y\000\040\000a\000n\000d\000\040\000t\000h\000e\000\040\000G\000a\000u\000s\000s\000i\000a\000n\000\040\000e\000q\000u\000a\000l\000i\000t\000y\000\040\000m\000o\000d\000e\000l}{section.7}% 20
\BOOKMARK [1][-]{section.8}{\376\377\0008\000.\000\040\000V\000i\000s\000c\000o\000u\000s\000\040\000a\000i\000m\000i\000n\000g\000\040\000a\000n\000d\000\040\000t\000h\000e\000\040\000r\000a\000y\000-\000a\000l\000i\000g\000n\000m\000e\000n\000t\000\040\000d\000e\000f\000e\000c\000t}{}% 21
\BOOKMARK [2][-]{subsection.8.1}{\376\377\0008\000.\0001\000.\000\040\000S\000c\000a\000l\000e\000-\000c\000r\000i\000t\000i\000c\000a\000l\000\040\000k\000i\000n\000e\000t\000i\000c\000\040\000p\000r\000o\000b\000e\000s}{section.8}% 22
\BOOKMARK [2][-]{subsection.8.2}{\376\377\0008\000.\0002\000.\000\040\000A\000l\000i\000g\000n\000m\000e\000n\000t\000\040\000a\000n\000d\000\040\000a\000c\000t\000i\000o\000n\040\023\000a\000i\000m\000i\000n\000g}{section.8}% 23
\BOOKMARK [2][-]{subsection.8.3}{\376\377\0008\000.\0003\000.\000\040\000A\000l\000i\000g\000n\000m\000e\000n\000t\000,\000\040\000c\000o\000e\000r\000c\000i\000v\000i\000t\000y\000,\000\040\000a\000n\000d\000\040\000c\000o\000h\000e\000r\000e\000n\000t\000\040\000p\000r\000o\000b\000e\000\040\000s\000e\000l\000e\000c\000t\000i\000o\000n}{section.8}% 24
\BOOKMARK [1][-]{section.9}{\376\377\0009\000.\000\040\000C\000a\000n\000o\000n\000i\000c\000a\000l\000\040\000c\000r\000i\000t\000i\000c\000a\000l\000\040\000o\000r\000b\000i\000t\000s}{}% 25
\BOOKMARK [2][-]{subsection.9.1}{\376\377\0009\000.\0001\000.\000\040\000S\000y\000m\000m\000e\000t\000r\000y\000\040\000r\000e\000d\000u\000c\000t\000i\000o\000n\000\040\000a\000n\000d\000\040\000b\000a\000d\000\040\000w\000i\000n\000d\000o\000w\000s}{section.9}% 26
\BOOKMARK [2][-]{subsection.9.2}{\376\377\0009\000.\0002\000.\000\040\000T\000h\000e\000\040\000c\000r\000i\000t\000i\000c\000a\000l\000-\000o\000r\000b\000i\000t\000\040\000b\000r\000i\000d\000g\000e}{section.9}% 27
\BOOKMARK [2][-]{subsection.9.3}{\376\377\0009\000.\0003\000.\000\040\000T\000h\000e\000\040\000t\000w\000o\000\040\000c\000l\000a\000s\000s\000i\000c\000a\000l\000\040\000s\000c\000a\000l\000e\000\040\000r\000e\000g\000i\000m\000e\000s}{section.9}% 28
\BOOKMARK [1][-]{section.10}{\376\377\0001\0000\000.\000\040\000T\000h\000e\000\040\000c\000o\000v\000a\000r\000i\000a\000n\000t\000\040\000n\000o\000-\000l\000o\000s\000s\000\040\000c\000a\000s\000c\000a\000d\000e\000\040\000p\000r\000i\000n\000c\000i\000p\000l\000e}{}% 29
\BOOKMARK [1][-]{section.11}{\376\377\0001\0001\000.\000\040\000C\000o\000v\000a\000r\000i\000a\000n\000t\000\040\000a\000d\000j\000o\000i\000n\000t\000\040\000g\000e\000o\000m\000e\000t\000r\000y\000\040\000a\000n\000d\000\040\000t\000h\000e\000\040\000m\000o\000v\000i\000n\000g\000\040\000c\000a\000r\000r\000i\000e\000r}{}% 30
\BOOKMARK [2][-]{subsection.11.1}{\376\377\0001\0001\000.\0001\000.\000\040\000T\000h\000e\000\040\000e\000x\000p\000l\000i\000c\000i\000t\000\040\000n\000o\000n\000n\000e\000g\000a\000t\000i\000v\000e\000\040\000c\000o\000m\000p\000o\000n\000e\000n\000t\000s}{section.11}% 31
\BOOKMARK [2][-]{subsection.11.2}{\376\377\0001\0001\000.\0002\000.\000\040\000T\000h\000e\000\040\000u\000n\000c\000o\000u\000p\000l\000e\000d\000\040\000e\000n\000t\000r\000o\000p\000y\000\040\000l\000e\000d\000g\000e\000r}{section.11}% 32
\BOOKMARK [2][-]{subsection.11.3}{\376\377\0001\0001\000.\0003\000.\000\040\000T\000h\000e\000\040\000m\000o\000v\000i\000n\000g\000\040\000k\000i\000n\000e\000t\000i\000c\000\040\000c\000a\000r\000r\000i\000e\000r}{section.11}% 33
\BOOKMARK [2][-]{subsection.11.4}{\376\377\0001\0001\000.\0004\000.\000\040\000C\000a\000n\000o\000n\000i\000c\000a\000l\000\040\000m\000o\000v\000i\000n\000g\000-\000c\000a\000r\000r\000i\000e\000r\000\040\000b\000r\000i\000d\000g\000e}{section.11}% 34
\BOOKMARK [2][-]{subsection.11.5}{\376\377\0001\0001\000.\0005\000.\000\040\000E\000q\000u\000a\000l\000i\000t\000y\000\040\000s\000t\000a\000t\000e\000s}{section.11}% 35
\BOOKMARK [1][-]{section.12}{\376\377\0001\0002\000.\000\040\000P\000h\000a\000s\000e\000-\000I\000\040\000m\000o\000v\000i\000n\000g\000-\000c\000a\000r\000r\000i\000e\000r\000\040\000r\000e\000a\000l\000i\000z\000a\000t\000i\000o\000n\000\040\000o\000f\000\040\000t\000h\000e\000\040\000g\000a\000p}{}% 36
\BOOKMARK [1][-]{section.13}{\376\377\0001\0003\000.\000\040\000C\000o\000v\000a\000r\000i\000a\000n\000t\000\040\000e\000x\000c\000l\000u\000s\000i\000o\000n\000\040\000o\000f\000\040\000s\000i\000n\000g\000u\000l\000a\000r\000i\000t\000i\000e\000s}{}% 37
\BOOKMARK [1][-]{appendix.A}{\376\377\000A\000p\000p\000e\000n\000d\000i\000x\000\040\000A\000.\000\040\000W\000e\000a\000k\000\040\000c\000o\000v\000a\000r\000i\000a\000n\000t\000\040\000c\000a\000l\000c\000u\000l\000u\000s\000\040\000a\000n\000d\000\040\000c\000o\000m\000p\000a\000c\000t\000\040\000s\000t\000a\000b\000i\000l\000i\000t\000y}{}% 38
\BOOKMARK [2][-]{subsection.A.1}{\376\377\000A\000.\0001\000.\000\040\000R\000e\000g\000u\000l\000a\000r\000i\000z\000a\000t\000i\000o\000n\000\040\000o\000f\000\040\000t\000h\000e\000\040\000e\000q\000u\000a\000t\000i\000o\000n}{appendix.A}% 39
\BOOKMARK [2][-]{subsection.A.2}{\376\377\000A\000.\0002\000.\000\040\000C\000o\000m\000p\000a\000c\000t\000n\000e\000s\000s\000\040\000o\000f\000\040\000t\000h\000e\000\040\000v\000a\000r\000i\000a\000t\000i\000o\000n\000a\000l\000\040\000d\000a\000t\000a}{appendix.A}% 40
\BOOKMARK [1][-]{appendix.B}{\376\377\000A\000p\000p\000e\000n\000d\000i\000x\000\040\000B\000.\000\040\000W\000e\000a\000k\000\040\000m\000a\000t\000e\000r\000i\000a\000l\000\040\000p\000u\000l\000l\000b\000a\000c\000k\000:\000\040\000p\000r\000o\000o\000f\000\040\000c\000o\000n\000t\000r\000a\000c\000t}{}% 41
\BOOKMARK [2][-]{section*.4}{\376\377\000C\000o\000n\000t\000r\000a\000c\000t\000\040\000M\000.\0001\000:\000\040\000r\000e\000g\000u\000l\000a\000r\000i\000z\000e\000d\000\040\000m\000a\000t\000e\000r\000i\000a\000l\000\040\000f\000l\000o\000w\000s}{appendix.B}% 42
\BOOKMARK [2][-]{section*.5}{\376\377\000C\000o\000n\000t\000r\000a\000c\000t\000\040\000M\000.\0002\000:\000\040\000m\000a\000t\000e\000r\000i\000a\000l\000\040\000c\000o\000m\000p\000a\000c\000t\000n\000e\000s\000s\000\040\000m\000o\000d\000u\000l\000o\000\040\000r\000e\000l\000a\000b\000e\000l\000i\000n\000g}{appendix.B}% 43
\BOOKMARK [2][-]{section*.6}{\376\377\000C\000o\000n\000t\000r\000a\000c\000t\000\040\000M\000.\0003\000:\000\040\000c\000o\000m\000p\000a\000t\000i\000b\000i\000l\000i\000t\000y\000\040\000w\000i\000t\000h\000\040\000r\000e\000p\000a\000i\000r\000e\000d\000\040\000c\000h\000a\000r\000t\000s}{appendix.B}% 44
\BOOKMARK [1][-]{appendix.C}{\376\377\000A\000p\000p\000e\000n\000d\000i\000x\000\040\000C\000.\000\040\000C\000a\000n\000o\000n\000i\000c\000a\000l\000\040\000s\000i\000n\000g\000u\000l\000a\000r\000-\000g\000e\000r\000m\000\040\000e\000x\000t\000r\000a\000c\000t\000i\000o\000n\000:\000\040\000r\000e\000p\000l\000a\000c\000e\000m\000e\000n\000t\000\040\000c\000o\000n\000t\000r\000a\000c\000t}{}% 45
\BOOKMARK [2][-]{section*.7}{\376\377\000C\000o\000n\000t\000r\000a\000c\000t\000\040\000B\000.\0001\000:\000\040\000v\000e\000l\000o\000c\000i\000t\000y\000\040\000c\000o\000n\000c\000e\000n\000t\000r\000a\000t\000i\000o\000n}{appendix.C}% 46
\BOOKMARK [2][-]{section*.8}{\376\377\000C\000o\000n\000t\000r\000a\000c\000t\000\040\000B\000.\0002\000:\000\040\000c\000o\000m\000p\000a\000c\000t\000\040\000d\000e\000s\000c\000e\000n\000d\000a\000n\000t\000\040\000s\000e\000l\000e\000c\000t\000i\000o\000n}{appendix.C}% 47
\BOOKMARK [2][-]{section*.9}{\376\377\000C\000o\000n\000t\000r\000a\000c\000t\000\040\000B\000.\0003\000:\000\040\000c\000o\000h\000e\000r\000e\000n\000t\000\040\000f\000o\000r\000w\000a\000r\000d\000\040\000o\000r\000b\000i\000t}{appendix.C}% 48
\BOOKMARK [2][-]{section*.10}{\376\377\000C\000o\000n\000t\000r\000a\000c\000t\000\040\000B\000.\0004\000:\000\040\000c\000o\000m\000p\000a\000c\000t\000n\000e\000s\000s\000\040\000a\000n\000d\000\040\000p\000e\000r\000s\000i\000s\000t\000e\000n\000c\000e}{appendix.C}% 49
\BOOKMARK [1][-]{appendix.D}{\376\377\000A\000p\000p\000e\000n\000d\000i\000x\000\040\000D\000.\000\040\000G\000a\000u\000g\000e\000,\000\040\000p\000r\000e\000s\000s\000u\000r\000e\000,\000\040\000a\000n\000d\000\040\000a\000d\000j\000o\000i\000n\000t\000\040\000c\000o\000n\000t\000r\000o\000l\000:\000\040\000r\000e\000p\000l\000a\000c\000e\000m\000e\000n\000t\000\040\000c\000o\000n\000t\000r\000a\000c\000t}{}% 50
\BOOKMARK [2][-]{section*.11}{\376\377\000C\000o\000n\000t\000r\000a\000c\000t\000\040\000C\000.\0001\000:\000\040\000c\000a\000n\000o\000n\000i\000c\000a\000l\000\040\000s\000c\000a\000l\000e\040\023\000c\000e\000n\000t\000e\000r\000\040\000g\000a\000u\000g\000e}{appendix.D}% 51
\BOOKMARK [2][-]{section*.12}{\376\377\000C\000o\000n\000t\000r\000a\000c\000t\000\040\000C\000.\0002\000:\000\040\000p\000r\000e\000s\000s\000u\000r\000e\000\040\000a\000t\000l\000a\000s}{appendix.D}% 52
\BOOKMARK [2][-]{section*.13}{\376\377\000C\000o\000n\000t\000r\000a\000c\000t\000\040\000C\000.\0003\000:\000\040\000n\000o\000r\000m\000a\000l\000i\000z\000e\000d\000\040\000a\000d\000j\000o\000i\000n\000t\000\040\000f\000a\000m\000i\000l\000y}{appendix.D}% 53
\BOOKMARK [2][-]{section*.14}{\376\377\000C\000o\000n\000t\000r\000a\000c\000t\000\040\000C\000.\0004\000:\000\040\000s\000u\000m\000m\000a\000b\000l\000e\000\040\000t\000r\000a\000n\000s\000p\000o\000r\000t\000\040\000e\000r\000r\000o\000r\000s}{appendix.D}% 54
\BOOKMARK [1][-]{appendix.E}{\376\377\000A\000p\000p\000e\000n\000d\000i\000x\000\040\000E\000.\000\040\000C\000a\000n\000o\000n\000i\000c\000a\000l\000\040\000m\000o\000v\000i\000n\000g\000-\000c\000a\000r\000r\000i\000e\000r\000\040\000a\000l\000t\000e\000r\000n\000a\000t\000i\000v\000e\000:\000\040\000p\000r\000o\000o\000f\000\040\000c\000o\000n\000t\000r\000a\000c\000t}{}% 55
\BOOKMARK [2][-]{section*.15}{\376\377\000C\000o\000n\000t\000r\000a\000c\000t\000\040\000D\000.\0001\000:\000\040\000e\000x\000a\000c\000t\000\040\000c\000a\000r\000r\000i\000e\000r\000\040\000l\000e\000d\000g\000e\000r}{appendix.E}% 56
\BOOKMARK [2][-]{section*.16}{\376\377\000C\000o\000n\000t\000r\000a\000c\000t\000\040\000D\000.\0002\000:\000\040\000p\000r\000e\000s\000s\000u\000r\000e\000-\000t\000a\000i\000l\000\040\000a\000n\000d\000\040\000r\000a\000d\000i\000u\000s\000\040\000s\000c\000h\000e\000d\000u\000l\000i\000n\000g}{appendix.E}% 57
\BOOKMARK [2][-]{section*.17}{\376\377\000C\000o\000n\000t\000r\000a\000c\000t\000\040\000D\000.\0003\000:\000\040\000t\000r\000a\000n\000s\000i\000t\000i\000o\000n\000\040\000a\000n\000d\000\040\000p\000o\000s\000i\000t\000i\000v\000e\000-\000s\000c\000a\000l\000e\000\040\000r\000o\000u\000t\000i\000n\000g}{appendix.E}% 58
\BOOKMARK [2][-]{section*.18}{\376\377\000C\000o\000n\000t\000r\000a\000c\000t\000\040\000D\000.\0004\000:\000\040\000n\000e\000g\000a\000t\000i\000v\000e\000\040\000s\000c\000a\000l\000e\000\040\000d\000r\000i\000f\000t\000\040\000a\000n\000d\000\040\000f\000i\000n\000a\000l\000\040\000s\000y\000n\000t\000h\000e\000s\000i\000s}{appendix.E}% 59
\BOOKMARK [1][-]{appendix.F}{\376\377\000A\000p\000p\000e\000n\000d\000i\000x\000\040\000F\000.\000\040\000S\000i\000g\000n\000e\000d\000\040\000s\000c\000a\000l\000e\000-\000s\000p\000a\000c\000e\000\040\000c\000u\000r\000r\000e\000n\000t\000:\000\040\000i\000n\000d\000e\000p\000e\000n\000d\000e\000n\000t\000\040\000p\000r\000o\000o\000f\000\040\000c\000o\000n\000t\000r\000a\000c\000t}{}% 60
\BOOKMARK [2][-]{section*.19}{\376\377\000C\000o\000n\000t\000r\000a\000c\000t\000\040\000S\000.\0001\000:\000\040\000c\000o\000m\000p\000a\000t\000i\000b\000l\000e\000\040\000s\000c\000a\000l\000e\000-\000s\000p\000a\000c\000e\000\040\000c\000e\000l\000l\000s}{appendix.F}% 61
\BOOKMARK [2][-]{section*.20}{\376\377\000C\000o\000n\000t\000r\000a\000c\000t\000\040\000S\000.\0002\000:\000\040\000s\000i\000g\000n\000e\000d\000\040\000e\000d\000g\000e\000-\000c\000u\000r\000r\000e\000n\000t\000\040\000i\000d\000e\000n\000t\000i\000t\000y}{appendix.F}% 62
\BOOKMARK [2][-]{section*.21}{\376\377\000C\000o\000n\000t\000r\000a\000c\000t\000\040\000S\000.\0003\000:\000\040\000f\000i\000n\000i\000t\000e\000\040\000c\000o\000v\000a\000r\000i\000a\000n\000t\000\040\000e\000x\000p\000e\000n\000d\000i\000t\000u\000r\000e}{appendix.F}% 63
\BOOKMARK [2][-]{section*.22}{\376\377\000C\000o\000n\000t\000r\000a\000c\000t\000\040\000S\000.\0004\000:\000\040\000c\000o\000n\000t\000a\000c\000t\000\040\000a\000n\000d\000\040\000e\000x\000h\000a\000u\000s\000t\000i\000v\000e\000\040\000d\000e\000s\000c\000e\000n\000t}{appendix.F}% 64
\BOOKMARK [1][-]{appendix.G}{\376\377\000A\000p\000p\000e\000n\000d\000i\000x\000\040\000G\000.\000\040\000L\000o\000s\000s\000l\000e\000s\000s\000\040\000m\000a\000t\000e\000r\000i\000a\000l\000\040\000g\000e\000o\000m\000e\000t\000r\000y\000:\000\040\000i\000n\000d\000e\000p\000e\000n\000d\000e\000n\000t\000\040\000r\000i\000g\000i\000d\000i\000t\000y\000\040\000c\000o\000n\000t\000r\000a\000c\000t}{}% 65
\BOOKMARK [2][-]{section*.23}{\376\377\000C\000o\000n\000t\000r\000a\000c\000t\000\040\000R\000.\0001\000:\000\040\000c\000o\000m\000p\000a\000c\000t\000\040\000l\000o\000s\000s\000l\000e\000s\000s\000\040\000l\000i\000m\000i\000t}{appendix.G}% 66
\BOOKMARK [2][-]{section*.24}{\376\377\000C\000o\000n\000t\000r\000a\000c\000t\000\040\000R\000.\0002\000:\000\040\000b\000o\000u\000n\000d\000e\000d\000-\000d\000e\000f\000o\000r\000m\000a\000t\000i\000o\000n\000\040\000r\000i\000g\000i\000d\000i\000t\000y}{appendix.G}% 67
\BOOKMARK [2][-]{section*.25}{\376\377\000C\000o\000n\000t\000r\000a\000c\000t\000\040\000R\000.\0003\000:\000\040\000a\000n\000i\000s\000o\000t\000r\000o\000p\000i\000c\000\040\000r\000e\000d\000u\000c\000t\000i\000o\000n}{appendix.G}% 68
\BOOKMARK [2][-]{section*.26}{\376\377\000C\000o\000n\000t\000r\000a\000c\000t\000\040\000R\000.\0004\000:\000\040\000e\000q\000u\000a\000l\000i\000t\000y\000\040\000c\000l\000o\000s\000u\000r\000e}{appendix.G}% 69
\BOOKMARK [1][-]{appendix.H}{\376\377\000A\000p\000p\000e\000n\000d\000i\000x\000\040\000H\000.\000\040\000L\000o\000c\000a\000l\000i\000z\000e\000d\000\040\000e\000q\000u\000a\000l\000i\000t\000y\000\040\000a\000n\000d\000\040\000t\000h\000e\000\040\000r\000o\000l\000e\000\040\000o\000f\000\040\000t\000h\000e\000\040\000G\000a\000u\000s\000s\000i\000a\000n}{}% 70
\BOOKMARK [1][-]{section*.27}{\376\377\000R\000e\000f\000e\000r\000e\000n\000c\000e\000s}{}% 71
